/home/phil/Documents/GitHub Projects/Portal-Music/admin/analyze/.venv/lib/python3.12/site-packages/transformers/audio_utils.py:525: UserWarning: At least one mel filter has all zero values. The value for `num_mel_filters` (128) may be set too high. Or, the value for `num_frequency_bins` (257) may be set too low.
  warnings.warn(
/home/phil/Documents/GitHub Projects/Portal-Music/admin/analyze/analyze.py:292: FutureWarning: `audios` is deprecated and will be removed in version v4.59.0 for `ClapProcessor.__call__`. Use `audio` instead.
  inputs = self.proc(audios=segs, sampling_rate=self.sr, return_tensors='pt')
Model B laion/larger_clap_music: FAILED, not listening: spread 0.003, text similarity 1.00, made-up sounds recognised 1/3
Model B laion/larger_clap_music_and_speech: OK (spread 0.474, text similarity 0.20, made-up sounds recognised 2/3)
/home/phil/Documents/GitHub Projects/Portal-Music/admin/analyze/analyze.py:292: FutureWarning: `audios` is deprecated and will be removed in version v4.59.0 for `ClapProcessor.__call__`. Use `audio` instead.
  inputs = self.proc(audios=segs, sampling_rate=self.sr, return_tensors='pt')
[1/474] The Snow Music Box  (about 162 min left)
[2/474] The Music Box of Blackwood  (about 130 min left)
[3/474] The Apocalyptic Build  (about 115 min left)
[4/474] Wake Up  (about 107 min left)
[5/474] Almost Her  (about 104 min left)
[6/474] Catching Myself  (about 97 min left)
[7/474] I'Ll Never Forget You  (about 93 min left)
[8/474] Lavender Guns & Daisy Chains Ft. Dem Bois  (about 91 min left)
[9/474] Took This Long To See  (about 91 min left)
[10/474] Backroads Of West Virginia  (about 90 min left)
[11/474] Birdcreek Road  (about 91 min left)
[12/474] Birdsong  (about 91 min left)
[13/474] Brazos County Moon  (about 90 min left)
[14/474] Dead Mans Curse  (about 89 min left)
[15/474] Dust On The Window  (about 88 min left)
[16/474] Night Over Farmland  (about 89 min left)
[17/474] Porch Swing  (about 89 min left)
[18/474] Riverbend Road  (about 88 min left)
[19/474] Slow Lane After Snow  (about 89 min left)
[20/474] Snowplow Run  (about 88 min left)
[21/474] Winding Roads  (about 88 min left)
[22/474] Bellow  (about 90 min left)
[23/474] Circling Breath  (about 91 min left)
[24/474] Down And Up  (about 92 min left)
[25/474] Echos  (about 92 min left)
[26/474] Glass In Bronze Air  (about 93 min left)
[27/474] Jazz Bow  (about 93 min left)
[28/474] Micro Space  (about 94 min left)
[29/474] Slow It Down  (about 95 min left)
[30/474] Solo In A Spiral  (about 95 min left)
[31/474] Tunnel Echo, Broken Tongue  (about 95 min left)
[32/474] Up And Down  (about 96 min left)
[33/474] Arse Techia  (about 96 min left)
[34/474] ByLamplight  (about 95 min left)
[35/474] Chillhop  (about 96 min left)
[36/474] Clock Winds Down  (about 95 min left)
[37/474] EasterIsland  (about 94 min left)
[38/474] Indie Corners & Concrete Dreams  (about 94 min left)
[39/474] Midnight Madness  (about 93 min left)
[40/474] Midnight  (about 93 min left)
[41/474] Offsetting Uncanny Hum  (about 92 min left)
[42/474] Snow On The Turntable  (about 92 min left)
[43/474] Strings Hop  (about 91 min left)
[44/474] Twilight Time  (about 91 min left)
[45/474] Whistle While We Stay In  (about 91 min left)
[46/474] Whiteout Window Light  (about 91 min left)
[47/474] Drift Beyond The Event Horizon  (about 91 min left)
[48/474] Kill Swords  (about 91 min left)
[49/474] Pick It Up Agani  (about 91 min left)
[50/474] Plow The World  (about 92 min left)
[51/474] Cello Suite In Soft Rain  (about 92 min left)
[52/474] Cello Suite In Winter Light  (about 92 min left)
[53/474] Clockwork Sonata  (about 95 min left)
[54/474] He'S Here!  (about 95 min left)
[55/474] Misty  (about 95 min left)
[56/474] Rain Breathes In Green  (about 95 min left)
[57/474] Velvet Map  (about 95 min left)
[58/474] Velvet Trees  (about 95 min left)
[59/474] Yellow Of The Leaves  (about 94 min left)
[60/474] Backroad Proud  (about 94 min left)
[61/474] Backroads Don'T Forget  (about 93 min left)
[62/474] Backroads Whistle  (about 93 min left)
[63/474] Backroads To The Bay  (about 93 min left)
[64/474] Bird Whistle  (about 92 min left)
[65/474] Coffee Gone Cold  (about 92 min left)
[66/474] County Lines  (about 92 min left)
[67/474] Dippin'  N' Sippin'  (about 91 min left)
[68/474] Dont Forget Me  (about 91 min left)
[69/474] Dust On Your Boots  (about 90 min left)
[70/474] Evening Walk  (about 90 min left)
[71/474] Farm Life  (about 90 min left)
[72/474] Fast Times  (about 89 min left)
[73/474] Float On Over  (about 89 min left)
[74/474] Hard Working Man  (about 89 min left)
[75/474] Lace Em Up  (about 88 min left)
[76/474] Late Night Ride  (about 88 min left)
[77/474] Lets Go Boys!  (about 88 min left)
[78/474] Long Walks  (about 87 min left)
[79/474] Monte Carlo  (about 87 min left)
[80/474] Mud On My Sunday Boots  (about 87 min left)
[81/474] Old Times  (about 87 min left)
[82/474] Orange Grove Backroads  (about 86 min left)
[83/474] Porch Light Fading  (about 86 min left)
[84/474] RedNeck Road  (about 86 min left)
[85/474] Run Like A River  (about 85 min left)
[86/474] Rust  (about 85 min left)
[87/474] The Time Has Come  (about 85 min left)
[88/474] Fifties Fever  (about 84 min left)
[89/474] I Blinked And You Were Gone  (about 84 min left)
[90/474] Lemonade Days  (about 84 min left)
[91/474] This Is All For You My Dear  (about 83 min left)
[92/474] Verse One  (about 83 min left)
[93/474] We Begin  (about 82 min left)
[94/474] What If I Die First  (about 82 min left)
[95/474] Things I Saw Today  (about 82 min left)
[96/474] Beg Me To Stay  (about 82 min left)
[97/474] Darkness Inside Me  (about 81 min left)
[98/474] I Dream Extended  (about 81 min left)
[99/474] I Dream  (about 80 min left)
[100/474] I Miss You Baby  (about 80 min left)
[101/474] Love Is Blind  (about 79 min left)
[102/474] Thank You  (about 79 min left)
[103/474] Candlelight  (about 79 min left)
[104/474] Elegy For A Wandering City  (about 79 min left)
[105/474] Moon On The Windowsill  (about 79 min left)
[106/474] Slow Mo  (about 79 min left)
[107/474] Up We Go  (about 79 min left)
[108/474] Duel  (about 78 min left)
[109/474] Trumpet Choir In The Duel  (about 78 min left)
[110/474] Castle In The Clover  (about 78 min left)
[111/474] Clover Fields  (about 78 min left)
[112/474] Dragon'S Breath  (about 77 min left)
[113/474] Dragonbone Crown  (about 77 min left)
[114/474] Dragonheart Lullaby  (about 77 min left)
[115/474] Leviathan  (about 77 min left)
[116/474] Mountain Men  (about 76 min left)
[117/474] Solece  (about 76 min left)
[118/474] Starlight Whistper  (about 76 min left)
[119/474] Thorn & Starlight  (about 76 min left)
[120/474] Audition At 2AM  (about 76 min left)
[121/474] Chaos Unleashed  (about 76 min left)
[122/474] Crash Course In 7 8  (about 76 min left)
[123/474] Crash And Burn  (about 76 min left)
[124/474] Cymbals In My Head  (about 76 min left)
[125/474] Hinder  (about 76 min left)
[126/474] Lets Do This  (about 76 min left)
[127/474] Practice  (about 75 min left)
[128/474] Quickly  (about 75 min left)
[129/474] Triple Time  (about 75 min left)
[130/474] Twilight Tonight  (about 75 min left)
[131/474] Whiplash Trigger  (about 74 min left)
[132/474] Hands And Feet  (about 74 min left)
[133/474] Plow It Like You Mean It (1)  (about 74 min left)
[134/474] Plow It Like You Mean It  (about 74 min left)
[135/474] Plow Til Dawn (1)  (about 74 min left)
[136/474] Plow Til Dawn  (about 74 min left)
[137/474] Up To My Ears  (about 74 min left)
[138/474] MegaDeath  (about 73 min left)
[139/474] Teeth On The Wire  (about 73 min left)
[140/474] Arena Knockout  (about 73 min left)
[141/474] Back On The Block  (about 72 min left)
[142/474] Basement Echoes  (about 72 min left)
[143/474] Crown On The Concrete  (about 72 min left)
[144/474] Crown  (about 71 min left)
[145/474] Midnight In My Headphones  (about 71 min left)
[146/474] Smokey Snicker  (about 71 min left)
[147/474] Suburban Starter Pack  (about 70 min left)
[148/474] Vibe Of Life  (about 70 min left)
[149/474] Wow!  (about 70 min left)
[150/474] Rise And Grind And Give God The Glory Gl  (about 69 min left)
[151/474] Help Me  (about 69 min left)
[152/474] Its Midnight  (about 68 min left)
[153/474] Liminal Fluorescent Hum  (about 69 min left)
[154/474] Liminal Space  (about 69 min left)
[155/474] Lines Of Life  (about 68 min left)
[156/474] Pulse In The Walls  (about 68 min left)
[157/474] Save Room Static  (about 68 min left)
[158/474] Where Should We Run  (about 67 min left)
[159/474] Canopy Drift  (about 67 min left)
[160/474] Canopy Of Trees  (about 67 min left)
[161/474] Drown  (about 67 min left)
[162/474] Embrace  (about 67 min left)
[163/474] Enchanted Canopy  (about 67 min left)
[164/474] Enchanted Grove Drift  (about 67 min left)
[165/474] Focus  (about 67 min left)
[166/474] Lovers Lovers  (about 67 min left)
[167/474] Melancholia In Slow Motion  (about 67 min left)
[168/474] Midnight Arch  (about 66 min left)
[169/474] Whisper To Me  (about 66 min left)
[170/474] Floating Quietly  (about 66 min left)
[171/474] Flower Petals  (about 66 min left)
[172/474] Fragment  (about 65 min left)
[173/474] Glass Petals  (about 65 min left)
[174/474] Islated  (about 65 min left)
[175/474] Left  (about 65 min left)
[176/474] Midnight Aisle Reflections  (about 64 min left)
[177/474] Quiet Time  (about 64 min left)
[178/474] Rain  (about 64 min left)
[179/474] Snowman  (about 64 min left)
[180/474] Soft Path Through Snow  (about 64 min left)
[181/474] Book Case  (about 63 min left)
[182/474] Bubblegum Brain  (about 63 min left)
[183/474] Dance!  (about 63 min left)
[184/474] Elevator Xylophone  (about 63 min left)
[185/474] Escalator Daydream  (about 62 min left)
[186/474] Gentle Ascending Floors  (about 62 min left)
[187/474] Heya!  (about 62 min left)
[188/474] Mall Glockenspiel  (about 62 min left)
[189/474] Pocket Sized Chaos  (about 61 min left)
[190/474] Repete  (about 61 min left)
[191/474] Roads Of Green  (about 61 min left)
[192/474] Round  (about 61 min left)
[193/474] Summertime Again  (about 60 min left)
[194/474] Twlight Prince Of Light  (about 60 min left)
[195/474] Wildfire  (about 60 min left)
[196/474] Backroom Riot  (about 60 min left)
[197/474] Backseat Thunder  (about 59 min left)
[198/474] Basement Riot Run  (about 59 min left)
[199/474] Cherry Gasoline  (about 59 min left)
[200/474] Going Down  (about 59 min left)
[201/474] Last Second Lean  (about 58 min left)
[202/474] Lets Go Son!  (about 58 min left)
[203/474] Molten Fuse  (about 58 min left)
[204/474] Push Me  (about 58 min left)
[205/474] SkateBoards  (about 57 min left)
[206/474] Thunder Smack  (about 57 min left)
[207/474] Tower Of Pizza  (about 57 min left)
[208/474] Turn It Up!  (about 57 min left)
[209/474] Vault  (about 56 min left)
[210/474] Wires Crossed  (about 56 min left)
[211/474] Badass Walk Overture  (about 56 min left)
[212/474] Break The Cage  (about 56 min left)
[213/474] Burn It Clean  (about 55 min left)
[214/474] Cherry Gasoline  (about 55 min left)
[215/474] Dreaming Of You Know Who  (about 55 min left)
[216/474] Electric Highway Halo  (about 55 min left)
[217/474] Follow Me!  (about 55 min left)
[218/474] Lemon Limeade  (about 54 min left)
[219/474] Listless  (about 54 min left)
[220/474] Polaroids On The Floor  (about 54 min left)
[221/474] Rock Race  (about 54 min left)
[222/474] Steam King  (about 53 min left)
[223/474] Steel & Snow  (about 53 min left)
[224/474] Tripped Again  (about 53 min left)
[225/474] War  (about 53 min left)
[226/474] Whiskey And Wine  (about 53 min left)
[227/474] Cotton Clouds In Slow Motion  (about 52 min left)
[228/474] Dreamlight  (about 52 min left)
[229/474] Falling Into You Again  (about 52 min left)
[230/474] Falling Slower  (about 52 min left)
[231/474] First Name On My Phone  (about 52 min left)
[232/474] Its Time  (about 51 min left)
[233/474] Late Night Talks  (about 51 min left)
[234/474] Midnight At Your Door  (about 51 min left)
[235/474] Midnight Sax And Second Thoughts  (about 51 min left)
[236/474] Slow Mo  (about 51 min left)
[237/474] Soft Focus Dream  (about 50 min left)
[238/474] Soft Gravity  (about 50 min left)
[239/474] Whispers  (about 50 min left)
[240/474] All Gone  (about 50 min left)
[241/474] Alone Again  (about 50 min left)
[242/474] Backroom Lullaby  (about 49 min left)
[243/474] Empty Frame  (about 49 min left)
[244/474] Everything To Me  (about 49 min left)
[245/474] Glass On The Floor  (about 49 min left)
[246/474] Goodbye  (about 49 min left)
[247/474] Sounds Of You  (about 48 min left)
[248/474] Unsaid In My Throat  (about 48 min left)
[249/474] What We Left In The Kitchen  (about 48 min left)
[250/474] C4 PO  (about 48 min left)
[251/474] Dust Trails  (about 47 min left)
[252/474] Gravitrip  (about 47 min left)
[253/474] Gravity Between Stars  (about 47 min left)
[254/474] Gravity Got Me  (about 47 min left)
[255/474] Gravity  (about 47 min left)
[256/474] Orbit  (about 46 min left)
[257/474] Orbital  (about 46 min left)
[258/474] Orbiting My Own Thoughts  (about 46 min left)
[259/474] Signal In The Static (1)  (about 46 min left)
[260/474] Signal In The Static  (about 46 min left)
[261/474] Star Light  (about 45 min left)
[262/474] Static  (about 45 min left)
[263/474] Sunshine  (about 45 min left)
[264/474] Triplip  (about 45 min left)
[265/474] Ufo  (about 44 min left)
[266/474] Vacuum Between Stars  (about 44 min left)
[267/474] Zero Gravity Heart  (about 44 min left)
[268/474] Back Off  (about 44 min left)
[269/474] Back Of My Mind  (about 44 min left)
[270/474] Ghost  (about 43 min left)
[271/474] License To Stay  (about 43 min left)
[272/474] License To Forget  (about 43 min left)
[273/474] Over Night  (about 43 min left)
[274/474] Try Again  (about 43 min left)
[275/474] Whiteout Breath  (about 42 min left)
[276/474] Chromatic Tides  (about 42 min left)
[277/474] Chrome Heart Circuit  (about 42 min left)
[278/474] Chrome  (about 42 min left)
[279/474] Chromium  (about 42 min left)
[280/474] Electric Rain On Chrome  (about 42 min left)
[281/474] Falling Through Static Rain  (about 41 min left)
[282/474] Flicker  (about 41 min left)
[283/474] Keep Going  (about 41 min left)
[284/474] Keep It Coming Granny!  (about 41 min left)
[285/474] Midnight Circuit Rush (1)  (about 41 min left)
[286/474] Midnight Circuit Rush  (about 40 min left)
[287/474] Neon Sonata  (about 40 min left)
[288/474] Neon Tide  (about 40 min left)
[289/474] Room Of Requiem  (about 40 min left)
[290/474] Shiver In The Glass  (about 39 min left)
[291/474] Tempest  (about 39 min left)
[292/474] Tideline  (about 39 min left)
[293/474] Vivaldi In Neon Winter  (about 39 min left)
[294/474] Waves End  (about 39 min left)
[295/474] Exit Sign Flicker  (about 38 min left)
[296/474] Glacial  (about 38 min left)
[297/474] Liminal  (about 38 min left)
[298/474] Smoke  (about 38 min left)
[299/474] Teeth In The Wallpaper  (about 38 min left)
[300/474] Calmly Go  (about 37 min left)
[301/474] Can'T Take Me Down!  (about 37 min left)
[302/474] From The Bottom To Here  (about 37 min left)
[303/474] Gentle Gears  (about 37 min left)
[304/474] Gold Around My Neck  (about 36 min left)
[305/474] Higher Than Before  (about 36 min left)
[306/474] Lets Do It!  (about 36 min left)
[307/474] Never Lose  (about 36 min left)
[308/474] To The Top  (about 35 min left)
[309/474] Win On Purpose  (about 35 min left)
[310/474] Cowboy Killer  (about 35 min left)
[311/474] Dark Rider  (about 35 min left)
[312/474] Draw  (about 35 min left)
[313/474] Dust And Distance  (about 34 min left)
[314/474] Dust And Trumpets  (about 34 min left)
[315/474] Dust On The Horizon  (about 34 min left)
[316/474] Dust On The Silver Screen  (about 34 min left)
[317/474] Horizons Mystery  (about 34 min left)
[318/474] Horse Named Taco  (about 33 min left)
[319/474] Midnight Run  (about 33 min left)
[320/474] Nights Embrace  (about 33 min left)
[321/474] Robers  (about 33 min left)
[322/474] Still Water Spirits  (about 32 min left)
[323/474] Torn Between Women  (about 32 min left)
[324/474] Trails Of Tears  (about 32 min left)
[325/474] Travel Light  (about 32 min left)
[326/474] Walk Alone  (about 32 min left)
[327/474] Western  (about 31 min left)
[328/474] Already Gone When I Said Goodbye  (about 31 min left)
[329/474] Rider From The Other Side  (about 31 min left)
[330/474] The Gun That Ended The Devil Of The Plains  (about 31 min left)
[331/474] Watching You  (about 31 min left)
[332/474] A Million Fish In The Sea  (about 30 min left)
[333/474] Barefoot Morning  (about 30 min left)
[334/474] Bedroom  (about 30 min left)
[335/474] Brief Light  (about 30 min left)
[336/474] Cloud Fall  (about 29 min left)
[337/474] Coffee On The Windowsill  (about 29 min left)
[338/474] Cotton Sky  (about 29 min left)
[339/474] Cup Of Joe  (about 29 min left)
[340/474] Good Morning Beautiful  (about 29 min left)
[341/474] Guitar Time  (about 28 min left)
[342/474] Hurry Hurry!  (about 28 min left)
[343/474] Peace Kazoo  (about 28 min left)
[344/474] Pete  (about 28 min left)
[345/474] Pines And Coffee Cups  (about 27 min left)
[346/474] Porch Swing  (about 27 min left)
[347/474] Quiet Between The Doors  (about 27 min left)
[348/474] Quiet Porch Light  (about 27 min left)
[349/474] Quiet Porch Morning  (about 26 min left)
[350/474] Windows  (about 26 min left)
[351/474] Float On  (about 26 min left)
[352/474] Floating Between Seconds  (about 26 min left)
[353/474] Its Over  (about 26 min left)
[354/474] Silent Drift  (about 25 min left)
[355/474] Soft Current  (about 25 min left)
[356/474] Time And Time Again  (about 25 min left)
[357/474] Awaken The Sound  (about 25 min left)
[358/474] Begin The Score  (about 25 min left)
[359/474] Castle In The Skyline  (about 24 min left)
[360/474] Cease  (about 24 min left)
[361/474] Celestial Array  (about 24 min left)
[362/474] Countdown To The Stars  (about 24 min left)
[363/474] Dark Knight Serenade  (about 23 min left)
[364/474] Dream Again  (about 23 min left)
[365/474] Drone  (about 23 min left)
[366/474] Edge Of The Falling Sun  (about 23 min left)
[367/474] Edge Of The Turning Tide  (about 23 min left)
[368/474] Edge Of The Verdict  (about 23 min left)
[369/474] Edge Of The World  (about 22 min left)
[370/474] Enter The Soundscape  (about 22 min left)
[371/474] Equinox Of Fire And Frost  (about 22 min left)
[372/474] Fortitude  (about 22 min left)
[373/474] Frozen Arcs  (about 21 min left)
[374/474] Galactic Horizon  (about 21 min left)
[375/474] Glory In The Whiteout  (about 21 min left)
[376/474] Gravities Of Glass  (about 21 min left)
[377/474] High Stakes Horizon  (about 21 min left)
[378/474] Holding Tides  (about 20 min left)
[379/474] Lighthouse  (about 20 min left)
[380/474] Lowest  (about 20 min left)
[381/474] Man Of The Sky  (about 20 min left)
[382/474] No Tomorrow  (about 19 min left)
[383/474] Orbits Of Our Own  (about 19 min left)
[384/474] Overture  (about 19 min left)
[385/474] Play The Unknown  (about 19 min left)
[386/474] Release The Music  (about 19 min left)
[387/474] Snow Against Steel  (about 18 min left)
[388/474] Snow Titans  (about 18 min left)
[389/474] Snow On The Wire  (about 18 min left)
[390/474] Start The Journey  (about 18 min left)
[391/474] Straw Wars Space Score  (about 17 min left)
[392/474] String Dance  (about 17 min left)
[393/474] Strings  (about 17 min left)
[394/474] Summon Sound  (about 17 min left)
[395/474] Tidal Wave  (about 17 min left)
[396/474] Tracking The Ticket  (about 16 min left)
[397/474] Turning Tides  (about 16 min left)
[398/474] Unveil The Track  (about 16 min left)
[399/474] Wind Walker  (about 16 min left)
[400/474] Winter Reborn  (about 16 min left)
[401/474] But Somehow.. Somehow I Miss You..  (about 15 min left)
[402/474] Clouds In The Glow  (about 15 min left)
[403/474] Fright Night Fridays  (about 15 min left)
[404/474] Glass Underwater  (about 15 min left)
[405/474] Glowlu  (about 14 min left)
[406/474] Gravity In Slow Motion  (about 14 min left)
[407/474] I'M Lost  (about 14 min left)
[408/474] It'S The Seas That Teach Us..  (about 14 min left)
[409/474] Rain  (about 14 min left)
[410/474] Twinkle  (about 13 min left)
[411/474] You Dont Even Know Who I Am  (about 13 min left)
[412/474] Ancient Skyward Realms  (about 13 min left)
[413/474] Crown Of Starlit Realms  (about 13 min left)
[414/474] Event Horizon Collapse  (about 12 min left)
[415/474] Fallen Crown  (about 12 min left)
[416/474] I Am Fallen  (about 12 min left)
[417/474] Mixed Signals  (about 12 min left)
[418/474] Neo  (about 12 min left)
[419/474] Neon Surge  (about 11 min left)
[420/474] Overtime  (about 11 min left)
[421/474] Ruthless  (about 11 min left)
[422/474] Skyline Overdrive  (about 11 min left)
[423/474] Surgio  (about 11 min left)
[424/474] Trancelike  (about 10 min left)
[425/474] Wake  (about 10 min left)
[426/474] All Out Of Bubblegum  (about 10 min left)
[427/474] Coffee Shop  (about 10 min left)
[428/474] Droid  (about 9 min left)
[429/474] Embers In The Keep  (about 9 min left)
[430/474] Humming Through The Fog  (about 9 min left)
[431/474] It'S Ugh Me  (about 9 min left)
[432/474] Keeper  (about 9 min left)
[433/474] Lanterns In The Keep  (about 8 min left)
[434/474] Lightout  (about 8 min left)
[435/474] Moonlit Keep  (about 8 min left)
[436/474] Moonlit Tavern Tales  (about 8 min left)
[437/474] Pixel Coffee Break  (about 7 min left)
[438/474] Pixel Coffee Shop  (about 7 min left)
[439/474] Pixel Tea Break  (about 7 min left)
[440/474] Reboot  (about 7 min left)
[441/474] Silence Hill  (about 7 min left)
[442/474] Smooth Move  (about 6 min left)
[443/474] Tall Tales  (about 6 min left)
[444/474] Tavern  (about 6 min left)
[445/474] Tea Bags  (about 6 min left)
[446/474] Tv Time  (about 6 min left)
[447/474] Twisted Fates  (about 5 min left)
[448/474] Crown Of Thorns And Clover  (about 5 min left)
[449/474] Crown Of Thorns And Thread  (about 5 min left)
[450/474] Losen  (about 5 min left)
[451/474] Times And Places  (about 4 min left)
[452/474] Travelers  (about 4 min left)
[453/474] Walk Slowly  (about 4 min left)
[454/474] Break Me  (about 4 min left)
[455/474] Carry Me Away  (about 4 min left)
[456/474] Find Me  (about 3 min left)
[457/474] I  3 You  (about 3 min left)
[458/474] Im Going To Miss You  (about 3 min left)
[459/474] Caffeine & Conversations  (about 3 min left)
[460/474] Coffee Shop Confetti  (about 3 min left)
[461/474] Coffee Shop Maybe  (about 2 min left)
[462/474] Core  (about 2 min left)
[463/474] Dreamscape  (about 2 min left)
[464/474] FalująCe Harmonie  (about 2 min left)
[465/474] First Off  (about 1 min left)
[466/474] Good Timing  (about 1 min left)
[467/474] Rush  (about 1 min left)
[468/474] Sensation  (about 1 min left)
[469/474] Shout!  (about 1 min left)
[470/474] Soft Satellites  (about 0 min left)
[471/474] Blues Blues  (about 0 min left)
[472/474] Call Me When It Hurts  (about 0 min left)
[473/474] It'S Been Over For A While  (about 0 min left)
[474/474] Midnight Second Chances  (about 0 min left)
Done: 474 analyzed, 0 failed.
